Microchip MPLAB XC8 Compiler V2.41

Linker command line:

-W-3 \
  --edf=/opt/v6.10/packs/Microchip/PIC16F1xxxx_DFP/1.18.352/xc8/pic/dat/20230322162823_en.msgs \
  -cn -h+dist/default/production/EUSART.X.production.sym \
  --cmf=dist/default/production/EUSART.X.production.cmf -z -Q16F18854 \
  -o/tmp/xcXNcNgbD/driver_tmp_3.o --defsym=__MPLAB_BUILD=1 \
  --fixupoverflow=error -Mdist/default/production/EUSART.X.production.map \
  --md=/tmp/xcXNcNgbD/driver_tmp_0.dat -E1 -ver=XC8 Compiler --acfsm=1493 \
  -ACODE=00h-07FFhx2 -ASTRCODE=00h-0FFFh -ASTRING=00h-0FFhx16 \
  -ACONST=00h-0FFhx16 -AENTRY=00h-0FFhx16 -ACOMMON=070h-07Fh \
  -ABANK0=020h-06Fh -ABANK1=0A0h-0EFh -ABANK2=0120h-016Fh \
  -ABANK3=01A0h-01EFh -ABANK4=0220h-026Fh -ABANK5=02A0h-02EFh \
  -ABANK6=0320h-032Fh -ABIGRAM=02000h-021EFh \
  -ARAM=020h-06Fh,0A0h-0EFh,0120h-016Fh,01A0h-01EFh,0220h-026Fh,02A0h-02EFh,0320h-032Fh \
  -AABS1=020h-07Fh,0A0h-0EFh,0120h-016Fh,01A0h-01EFh,0220h-026Fh,02A0h-02EFh,0320h-032Fh \
  -ASFR0=00h-01Fh -ASFR1=080h-09Fh -ASFR2=0100h-011Fh -ASFR3=0180h-019Fh \
  -ASFR4=0200h-021Fh -ASFR5=0280h-029Fh -ASFR6=0300h-031Fh \
  -ASFR7=0380h-03EFh -ASFR8=0400h-046Fh -ASFR9=0480h-04EFh \
  -ASFR10=0500h-056Fh -ASFR11=0580h-05EFh -ASFR12=0600h-066Fh \
  -ASFR13=0680h-06EFh -ASFR14=0700h-076Fh -ASFR15=0780h-07EFh \
  -ASFR16=0800h-086Fh -ASFR17=0880h-08EFh -ASFR18=0900h-096Fh \
  -ASFR19=0980h-09EFh -ASFR20=0A00h-0A6Fh -ASFR21=0A80h-0AEFh \
  -ASFR22=0B00h-0B6Fh -ASFR23=0B80h-0BEFh -ASFR24=0C00h-0C6Fh \
  -ASFR25=0C80h-0CEFh -ASFR26=0D00h-0D6Fh -ASFR27=0D80h-0DEFh \
  -ASFR28=0E00h-0E6Fh -ASFR29=0E80h-0EEFh -ASFR30=0F00h-0F6Fh \
  -ASFR31=0F80h-0FEFh -ACONFIG=08007h-0800Bh -DCONFIG=2 \
  -AIDLOC=08000h-08003h -DIDLOC=2 -AEEDATA=00h-0FFh/0F000h \
  -peeprom_data=EEDATA -DEEDATA=2 -DCODE=2 -DSTRCODE=2 -DSTRING=2 -DCONST=2 \
  -DENTRY=2 -preset_vec=00h,intentry=04h,init,end_init -ppowerup=CODE \
  -pcinit=CODE -pfunctab=ENTRY -k /tmp/xcXNcNgbD/driver_tmp_15.o \
  dist/default/production/EUSART.X.production.o 

Object code version is 3.11

Machine type is 16F18854



                Name                               Link     Load   Length Selector   Space Scale
/tmp/xcXNcNgbD/driver_tmp_15.o
                end_init                             3B       3B        2        8       0
                reset_vec                             0        0        2        0       0
                config                             8007     8007        5        0       4
dist/default/production/EUSART.X.production.o
                cinit                                3D       3D       11        8       0
                intentry                              4        4       37        8       0
                config                             8007     8007        5        0       4
                text21                              524      524        4      A48       0
                text20                              4E2      4E2       12      812       0
                text19                              409      409       28      812       0
                text18                              4D0      4D0       12      812       0
                text17                              431      431       26      812       0
                text16                              252      252       5F        8       0
                text15                              3AE      3AE       2F        8       0
                text14                              35B      35B       53        8       0
                text12                              477      477       1A      812       0
                text11                              193      193       60        8       0
                text10                              307      307       54        8       0
                text9                               516      516        A      A0A       0
                text8                               2B1      2B1       56        8       0
                text7                               4BB      4BB       15      812       0
                text6                               4A6      4A6       15      812       0
                text5                               505      505       11      A0A       0
                text4                               491      491       15      812       0
                text3                                4E       4E       B0        8       0
                text2                               457      457       20      812       0
                text1                               1F3      1F3       5F        8       0
                maintext                             FE       FE       95        8       0
                cstackBANK0                          20       20       19       20       1
                cstackCOMMON                         70       70        9       70       1
                bssBANK0                             39       39        7       20       1
                bssCOMMON                            79       79        5       70       1
                nvBANK0                              40       40        1       20       1
                stringtext3                         520      520        4      A40       0
                stringtext2                         4F4      4F4       11      9E8       0
                stringtext1                         3DD      3DD       2C      7BA       0

TOTAL           Name                               Link     Load   Length     Space
        CLASS   CODE           
                end_init                             3B       3B        2         0
                cinit                                3D       3D       11         0
                intentry                              4        4       37         0
                reset_vec                             0        0        2         0
                text21                              524      524        4         0
                text20                              4E2      4E2       12         0
                text19                              409      409       28         0
                text18                              4D0      4D0       12         0
                text17                              431      431       26         0
                text16                              252      252       5F         0
                text15                              3AE      3AE       2F         0
                text14                              35B      35B       53         0
                text12                              477      477       1A         0
                text11                              193      193       60         0
                text10                              307      307       54         0
                text9                               516      516        A         0
                text8                               2B1      2B1       56         0
                text7                               4BB      4BB       15         0
                text6                               4A6      4A6       15         0
                text5                               505      505       11         0
                text4                               491      491       15         0
                text3                                4E       4E       B0         0
                text2                               457      457       20         0
                text1                               1F3      1F3       5F         0
                maintext                             FE       FE       95         0

        CLASS   STRCODE        
                stringtext3                         520      520        4         0
                stringtext2                         4F4      4F4       11         0
                stringtext1                         3DD      3DD       2C         0

        CLASS   STRING         

        CLASS   CONST          

        CLASS   ENTRY          

        CLASS   COMMON         
                cstackCOMMON                         70       70        9         1
                bssCOMMON                            79       79        5         1

        CLASS   BANK0          
                cstackBANK0                          20       20       19         1
                bssBANK0                             39       39        7         1
                nvBANK0                              40       40        1         1

        CLASS   BANK1          

        CLASS   BANK2          

        CLASS   BANK3          

        CLASS   BANK4          

        CLASS   BANK5          

        CLASS   BANK6          

        CLASS   BIGRAM         

        CLASS   RAM            

        CLASS   ABS1           
                abs_s1                               7E       7E        2         1

        CLASS   SFR0           

        CLASS   SFR1           

        CLASS   SFR2           

        CLASS   SFR3           

        CLASS   SFR4           

        CLASS   SFR5           

        CLASS   SFR6           

        CLASS   SFR7           

        CLASS   SFR8           

        CLASS   SFR9           

        CLASS   SFR10          

        CLASS   SFR11          

        CLASS   SFR12          

        CLASS   SFR13          

        CLASS   SFR14          

        CLASS   SFR15          

        CLASS   SFR16          

        CLASS   SFR17          

        CLASS   SFR18          

        CLASS   SFR19          

        CLASS   SFR20          

        CLASS   SFR21          

        CLASS   SFR22          

        CLASS   SFR23          

        CLASS   SFR24          

        CLASS   SFR25          

        CLASS   SFR26          

        CLASS   SFR27          

        CLASS   SFR28          

        CLASS   SFR29          

        CLASS   SFR30          

        CLASS   SFR31          

        CLASS   CONFIG         
                config                             8007     8007        5         4

        CLASS   IDLOC          

        CLASS   EEDATA         

        CLASS   BANK31         

        CLASS   BANK30         

        CLASS   BANK29         

        CLASS   BANK28         

        CLASS   BANK27         

        CLASS   BANK26         

        CLASS   BANK25         

        CLASS   BANK24         

        CLASS   BANK23         

        CLASS   BANK22         

        CLASS   BANK21         

        CLASS   BANK20         

        CLASS   BANK19         

        CLASS   BANK18         

        CLASS   BANK17         

        CLASS   BANK16         

        CLASS   BANK15         

        CLASS   BANK14         

        CLASS   BANK13         

        CLASS   BANK12         

        CLASS   BANK11         

        CLASS   BANK10         

        CLASS   BANK9          

        CLASS   BANK8          

        CLASS   BANK7          

        CLASS   HEAP           

        CLASS   STACK          



SEGMENTS        Name                           Load    Length   Top    Selector   Space  Class     Delta

                reset_vec                      000000  000002  000002         0       0  CODE        2
                stringtext2                    0004F4  000011  000505       9E8       0  STRCODE     2
                stringtext1                    0003DD  00002C  000409       7BA       0  STRCODE     2
                text19                         000409  0000EB  0004F4       812       0  CODE        2
                text5                          000505  00001B  000520       A0A       0  CODE        2
                stringtext3                    000520  000004  000524       A40       0  STRCODE     2
                text21                         000524  000004  000528       A48       0  CODE        2
                cstackCOMMON                   000070  00000E  00007E        70       1  COMMON      1
                cstackBANK0                    000020  000021  000041        20       1  BANK0       1
                intentry                       000004  0003D9  0003DD         8       0  CODE        2


UNUSED ADDRESS RANGES

        Name                Unused          Largest block    Delta
        BANK0            00041-0006F              2F           1
        BANK1            000A0-000EF              50           1
        BANK2            00120-0016F              50           1
        BANK3            001A0-001EF              50           1
        BANK4            00220-0026F              50           1
        BANK5            002A0-002EF              50           1
        BANK6            00320-0032F              10           1
        BIGRAM           02000-021EF             1F0           1
        CODE             00002-00003               2           2
                         00528-00FFF             2D8
        CONST            00002-00003               2           2
                         00528-00FFF             100
        EEDATA           0F000-0F0FF             100           2
        ENTRY            00002-00003               2           2
                         00528-00FFF             100
        IDLOC            08000-08003               4           2
        RAM              00041-0006F              2F           1
                         000A0-000EF              50
                         00120-0016F              50
                         001A0-001EF              50
                         00220-0026F              50
                         002A0-002EF              50
                         00320-0032F              10
        SFR0             00000-0001F              20           1
        SFR1             00080-0009F              20           1
        SFR10            00500-0056F              70           1
        SFR11            00580-005EF              70           1
        SFR12            00600-0066F              70           1
        SFR13            00680-006EF              70           1
        SFR14            00700-0076F              70           1
        SFR15            00780-007EF              70           1
        SFR16            00800-0086F              70           1
        SFR17            00880-008EF              70           1
        SFR18            00900-0096F              70           1
        SFR19            00980-009EF              70           1
        SFR2             00100-0011F              20           1
        SFR20            00A00-00A6F              70           1
        SFR21            00A80-00AEF              70           1
        SFR22            00B00-00B6F              70           1
        SFR23            00B80-00BEF              70           1
        SFR24            00C00-00C6F              70           1
        SFR25            00C80-00CEF              70           1
        SFR26            00D00-00D6F              70           1
        SFR27            00D80-00DEF              70           1
        SFR28            00E00-00E6F              70           1
        SFR29            00E80-00EEF              70           1
        SFR3             00180-0019F              20           1
        SFR30            00F00-00F6F              70           1
        SFR31            00F80-00FEF              70           1
        SFR4             00200-0021F              20           1
        SFR5             00280-0029F              20           1
        SFR6             00300-0031F              20           1
        SFR7             00380-003EF              70           1
        SFR8             00400-0046F              70           1
        SFR9             00480-004EF              70           1
        STRCODE          00002-00003               2           2
                         00528-00FFF             AD8
        STRING           00002-00003               2           2
                         00528-00FFF             100

                                  Symbol Table

?___awdiv                    cstackBANK0  00027
?___awmod                    cstackBANK0  00020
?___wmul                     cstackBANK0  00020
?_scan_touch_key_func        cstackBANK0  00020
?i1___awmod                  cstackCOMMON 00070
_ADACQ                       (abs)        0009D
_ADCLKbits                   (abs)        00098
_ADCON0bits                  (abs)        00093
_ADCON1                      (abs)        00094
_ADCON1bits                  (abs)        00094
_ADPCHbits                   (abs)        0009E
_ADPRE                       (abs)        0009C
_ADREFbits                   (abs)        0009A
_ADRESH                      (abs)        0008D
_ADRESL                      (abs)        0008C
_ANSELA                      (abs)        00F38
_ANSELBbits                  (abs)        00F43
_BAUD1CONbits                (abs)        0011F
_FVRCONbits                  (abs)        0090C
_INTCONbits                  (abs)        0000B
_LATB                        (abs)        00017
_LATC                        (abs)        00018
_NVMADRH                     (abs)        0081B
_NVMADRL                     (abs)        0081A
_NVMCON1bits                 (abs)        0081E
_NVMCON2                     (abs)        0081F
_NVMDATL                     (abs)        0081C
_PIE0bits                    (abs)        00716
_PIE3bits                    (abs)        00719
_PIR0bits                    (abs)        0070C
_PIR3bits                    (abs)        0070F
_PORTA                       (abs)        0000C
_RB6PPS                      (abs)        00F1E
_RC1REGbits                  (abs)        00119
_RC1STAbits                  (abs)        0011D
_RXPPS                       (abs)        00ECB
_SPBRGH                      (abs)        0011C
_SPBRGL                      (abs)        0011B
_T0CON0                      (abs)        0001E
_T0CON1                      (abs)        0001F
_TMR0H                       (abs)        0001D
_TMR0L                       (abs)        0001C
_TRISA                       (abs)        00011
_TRISB                       (abs)        00012
_TRISBbits                   (abs)        00012
_TRISC                       (abs)        00013
_TX1STAbits                  (abs)        0011E
_TXREG                       (abs)        0011A
_WPUA                        (abs)        00F39
__H__absolute__              __absolute__ 00000
__Habs1                      abs1         00000
__Hbank0                     bank0        00000
__Hbank1                     bank1        00000
__Hbank10                    bank10       00000
__Hbank11                    bank11       00000
__Hbank12                    bank12       00000
__Hbank13                    bank13       00000
__Hbank14                    bank14       00000
__Hbank15                    bank15       00000
__Hbank16                    bank16       00000
__Hbank17                    bank17       00000
__Hbank18                    bank18       00000
__Hbank19                    bank19       00000
__Hbank2                     bank2        00000
__Hbank20                    bank20       00000
__Hbank21                    bank21       00000
__Hbank22                    bank22       00000
__Hbank23                    bank23       00000
__Hbank24                    bank24       00000
__Hbank25                    bank25       00000
__Hbank26                    bank26       00000
__Hbank27                    bank27       00000
__Hbank28                    bank28       00000
__Hbank29                    bank29       00000
__Hbank3                     bank3        00000
__Hbank30                    bank30       00000
__Hbank31                    bank31       00000
__Hbank4                     bank4        00000
__Hbank5                     bank5        00000
__Hbank6                     bank6        00000
__Hbank7                     bank7        00000
__Hbank8                     bank8        00000
__Hbank9                     bank9        00000
__Hbigram                    bigram       00000
__HbssBANK0                  bssBANK0     00000
__HbssCOMMON                 bssCOMMON    00000
__Hcinit                     cinit        0004E
__Hclrtext                   clrtext      00000
__Hcode                      code         00000
__Hcommon                    common       00000
__Hconfig                    config       0800C
__HcstackBANK0               cstackBANK0  00000
__HcstackCOMMON              cstackCOMMON 00000
__Heeprom_data               eeprom_data  00000
__Hend_init                  end_init     0003D
__Hfunctab                   functab      00000
__Hheap                      heap         00000
__Hinit                      init         0003B
__Hintentry                  intentry     0003B
__Hmaintext                  maintext     00000
__HnvBANK0                   nvBANK0      00000
__Hpowerup                   powerup      00000
__Hram                       ram          00000
__Hreset_vec                 reset_vec    00002
__Hsfr0                      sfr0         00000
__Hsfr1                      sfr1         00000
__Hsfr10                     sfr10        00000
__Hsfr11                     sfr11        00000
__Hsfr12                     sfr12        00000
__Hsfr13                     sfr13        00000
__Hsfr14                     sfr14        00000
__Hsfr15                     sfr15        00000
__Hsfr16                     sfr16        00000
__Hsfr17                     sfr17        00000
__Hsfr18                     sfr18        00000
__Hsfr19                     sfr19        00000
__Hsfr2                      sfr2         00000
__Hsfr20                     sfr20        00000
__Hsfr21                     sfr21        00000
__Hsfr22                     sfr22        00000
__Hsfr23                     sfr23        00000
__Hsfr24                     sfr24        00000
__Hsfr25                     sfr25        00000
__Hsfr26                     sfr26        00000
__Hsfr27                     sfr27        00000
__Hsfr28                     sfr28        00000
__Hsfr29                     sfr29        00000
__Hsfr3                      sfr3         00000
__Hsfr30                     sfr30        00000
__Hsfr31                     sfr31        00000
__Hsfr4                      sfr4         00000
__Hsfr5                      sfr5         00000
__Hsfr6                      sfr6         00000
__Hsfr7                      sfr7         00000
__Hsfr8                      sfr8         00000
__Hsfr9                      sfr9         00000
__Hspace_0                   (abs)        00528
__Hspace_1                   (abs)        0007E
__Hspace_2                   (abs)        00000
__Hspace_3                   (abs)        00000
__Hspace_4                   (abs)        10013
__Hstack                     stack        00000
__Hstrings                   strings      00000
__Hstringtext1               stringtext1  00000
__Hstringtext2               stringtext2  00000
__Hstringtext3               stringtext3  00000
__Htext                      text         00000
__L__absolute__              __absolute__ 00000
__Labs1                      abs1         00000
__Lbank0                     bank0        00000
__Lbank1                     bank1        00000
__Lbank10                    bank10       00000
__Lbank11                    bank11       00000
__Lbank12                    bank12       00000
__Lbank13                    bank13       00000
__Lbank14                    bank14       00000
__Lbank15                    bank15       00000
__Lbank16                    bank16       00000
__Lbank17                    bank17       00000
__Lbank18                    bank18       00000
__Lbank19                    bank19       00000
__Lbank2                     bank2        00000
__Lbank20                    bank20       00000
__Lbank21                    bank21       00000
__Lbank22                    bank22       00000
__Lbank23                    bank23       00000
__Lbank24                    bank24       00000
__Lbank25                    bank25       00000
__Lbank26                    bank26       00000
__Lbank27                    bank27       00000
__Lbank28                    bank28       00000
__Lbank29                    bank29       00000
__Lbank3                     bank3        00000
__Lbank30                    bank30       00000
__Lbank31                    bank31       00000
__Lbank4                     bank4        00000
__Lbank5                     bank5        00000
__Lbank6                     bank6        00000
__Lbank7                     bank7        00000
__Lbank8                     bank8        00000
__Lbank9                     bank9        00000
__Lbigram                    bigram       00000
__LbssBANK0                  bssBANK0     00000
__LbssCOMMON                 bssCOMMON    00000
__Lcinit                     cinit        0003D
__Lclrtext                   clrtext      00000
__Lcode                      code         00000
__Lcommon                    common       00000
__Lconfig                    config       00000
__LcstackBANK0               cstackBANK0  00000
__LcstackCOMMON              cstackCOMMON 00000
__Leeprom_data               eeprom_data  00000
__Lend_init                  end_init     0003B
__Lfunctab                   functab      00000
__Lheap                      heap         00000
__Linit                      init         0003B
__Lintentry                  intentry     00004
__Lmaintext                  maintext     00000
__LnvBANK0                   nvBANK0      00000
__Lpowerup                   powerup      00000
__Lram                       ram          00000
__Lreset_vec                 reset_vec    00000
__Lsfr0                      sfr0         00000
__Lsfr1                      sfr1         00000
__Lsfr10                     sfr10        00000
__Lsfr11                     sfr11        00000
__Lsfr12                     sfr12        00000
__Lsfr13                     sfr13        00000
__Lsfr14                     sfr14        00000
__Lsfr15                     sfr15        00000
__Lsfr16                     sfr16        00000
__Lsfr17                     sfr17        00000
__Lsfr18                     sfr18        00000
__Lsfr19                     sfr19        00000
__Lsfr2                      sfr2         00000
__Lsfr20                     sfr20        00000
__Lsfr21                     sfr21        00000
__Lsfr22                     sfr22        00000
__Lsfr23                     sfr23        00000
__Lsfr24                     sfr24        00000
__Lsfr25                     sfr25        00000
__Lsfr26                     sfr26        00000
__Lsfr27                     sfr27        00000
__Lsfr28                     sfr28        00000
__Lsfr29                     sfr29        00000
__Lsfr3                      sfr3         00000
__Lsfr30                     sfr30        00000
__Lsfr31                     sfr31        00000
__Lsfr4                      sfr4         00000
__Lsfr5                      sfr5         00000
__Lsfr6                      sfr6         00000
__Lsfr7                      sfr7         00000
__Lsfr8                      sfr8         00000
__Lsfr9                      sfr9         00000
__Lspace_0                   (abs)        00000
__Lspace_1                   (abs)        00000
__Lspace_2                   (abs)        00000
__Lspace_3                   (abs)        00000
__Lspace_4                   (abs)        00000
__Lstack                     stack        00000
__Lstrings                   strings      00000
__Lstringtext1               stringtext1  00000
__Lstringtext2               stringtext2  00000
__Lstringtext3               stringtext3  00000
__Ltext                      text         00000
__S0                         (abs)        00528
__S1                         (abs)        0007E
__S3                         (abs)        00000
___awdiv                     text11       00193
___awdiv@counter             cstackBANK0  0002C
___awdiv@dividend            cstackBANK0  00029
___awdiv@divisor             cstackBANK0  00027
___awdiv@quotient            cstackBANK0  0002E
___awdiv@sign                cstackBANK0  0002D
___awmod                     text10       00307
___awmod@counter             cstackBANK0  00025
___awmod@dividend            cstackBANK0  00022
___awmod@divisor             cstackBANK0  00020
___awmod@sign                cstackBANK0  00026
___heap_hi                   (abs)        00000
___heap_lo                   (abs)        00000
___int_sp                    stack        00000
___latbits                   (abs)        00001
___sp                        stack        00000
___stackhi                   (abs)        00000
___stacklo                   (abs)        00000
___wmul                      text2        00457
___wmul@multiplicand         cstackBANK0  00022
___wmul@multiplier           cstackBANK0  00020
___wmul@product              cstackBANK0  00024
__end_of___awdiv             text11       001F3
__end_of___awmod             text10       0035B
__end_of___wmul              text2        00477
__end_of__initialization     cinit        0004A
__end_of__table_encoded      stringtext2  00505
__end_of__table_seg_select   stringtext3  00524
__end_of_double_click_func   text19       00431
__end_of_eusart_rx_func      text21       00528
__end_of_eusart_tx_func      text9        00520
__end_of_init_eusart_func    text12       00491
__end_of_irs_routine         intentry     0003B
__end_of_long_click_func     text18       004E2
__end_of_main                maintext     00193
__end_of_mov_cursor          text8        00307
__end_of_polling_func        text17       00457
__end_of_print_green_start   text7        004D0
__end_of_print_red_start     text6        004BB
__end_of_print_white_start   text5        00516
__end_of_print_yellow_start  text4        004A6
__end_of_scan_func           text16       002B1
__end_of_scan_touch_key_func text3        000FE
__end_of_seg_display_func    text15       003DD
__end_of_seg_startup_anime   text1        00252
__end_of_single_click_func   text20       004F4
__end_of_startup_anime_code  stringtext1  00409
__end_ofi1___awmod           text14       003AE
__initialization             cinit        0003D
__pbssBANK0                  bssBANK0     00039
__pbssCOMMON                 bssCOMMON    00079
__pcstackBANK0               cstackBANK0  00020
__pcstackCOMMON              cstackCOMMON 00070
__pintentry                  intentry     00004
__pmaintext                  maintext     000FE
__pnvBANK0                   nvBANK0      00040
__pstringtext1               stringtext1  003DD
__pstringtext2               stringtext2  004F4
__pstringtext3               stringtext3  00520
__ptext1                     text1        001F3
__ptext10                    text10       00307
__ptext11                    text11       00193
__ptext12                    text12       00477
__ptext14                    text14       0035B
__ptext15                    text15       003AE
__ptext16                    text16       00252
__ptext17                    text17       00431
__ptext18                    text18       004D0
__ptext19                    text19       00409
__ptext2                     text2        00457
__ptext20                    text20       004E2
__ptext21                    text21       00524
__ptext3                     text3        0004E
__ptext4                     text4        00491
__ptext5                     text5        00505
__ptext6                     text6        004A6
__ptext7                     text7        004BB
__ptext8                     text8        002B1
__ptext9                     text9        00516
__table_encoded              stringtext2  004F4
__table_seg_select           stringtext3  00520
_curr_key                    bssCOMMON    0007D
_double_click_func           text19       00409
_eusart_receive_buffer       bssCOMMON    00079
_eusart_rx_func              text21       00524
_eusart_tx_func              text9        00516
_init_eusart_func            text12       00477
_irs_routine                 intentry     00004
_key_buffer                  bssCOMMON    0007B
_long_click_func             text18       004D0
_main                        maintext     000FE
_mov_cursor                  text8        002B1
_pcnt                        bssCOMMON    0007C
_polling_func                text17       00431
_print_green_start           text7        004BB
_print_red_start             text6        004A6
_print_white_start           text5        00505
_print_yellow_start          text4        00491
_rcnt                        nvBANK0      00040
_scan_func                   text16       00252
_scan_touch_key_func         text3        0004E
_seg_buffer                  bssBANK0     00039
_seg_display_func            text15       003AE
_seg_flash                   bssBANK0     0003E
_seg_idx                     bssCOMMON    0007A
_seg_startup_anime           text1        001F3
_single_click_func           text20       004E2
_startup_anime_code          stringtext1  003DD
_touch_key_buffer            bssBANK0     0003F
btemp                        (abs)        0007E
double_click_func@pre_key    cstackCOMMON 00071
end_of_initialization        cinit        0004A
eusart_tx_func@data          cstackBANK0  00020
i1___awmod                   text14       0035B
i1___awmod@counter           cstackCOMMON 00075
i1___awmod@dividend          cstackCOMMON 00072
i1___awmod@divisor           cstackCOMMON 00070
i1___awmod@sign              cstackCOMMON 00076
int$flags                    (abs)        0007E
intlevel0                    functab      00000
intlevel1                    functab      00000
intlevel2                    functab      00000
intlevel3                    functab      00000
intlevel4                    functab      00000
intlevel5                    functab      00000
main@adcres                  cstackBANK0  00035
main@pos                     cstackBANK0  00037
mov_cursor@pos               cstackBANK0  00030
mov_cursor@pos_buffer        cstackBANK0  00032
polling_func@mask            cstackCOMMON 00071
polling_func@w_tmp           cstackCOMMON 00070
reset_vec                    reset_vec    00000
scan_touch_key_func@adcres0  cstackBANK0  0002A
scan_touch_key_func@adcres1  cstackBANK0  0002C
scan_touch_key_func@i        cstackBANK0  00025
scan_touch_key_func@i_431    cstackBANK0  00027
scan_touch_key_func@port     cstackBANK0  00029
seg_startup_anime@i          cstackBANK0  0002D
seg_startup_anime@times      cstackBANK0  00027
start                        init         0003B
start_initialization         cinit        0003D
wtemp0                       (abs)        0007E


MODULE INFORMATION

Module		Function		Class		Link	Load	Size
/opt/microchip/xc8/v2.41/pic/sources/c99/common/Umul16.c
		___wmul        		CODE           	0457	0000	32

/opt/microchip/xc8/v2.41/pic/sources/c99/common/Umul16.c estimated size: 32

eusart.c
		_eusart_rx_func		CODE           	0524	0000	4
		_eusart_tx_func		CODE           	0516	0000	10
		_print_red_start		CODE           	04A6	0000	21
		_print_yellow_start		CODE           	0491	0000	21
		_mov_cursor    		CODE           	02B1	0000	86
		_print_green_start		CODE           	04BB	0000	21
		_print_white_start		CODE           	0505	0000	17
		_init_eusart_func		CODE           	0477	0000	26

eusart.c estimated size: 206

/opt/microchip/xc8/v2.41/pic/sources/c99/common/awmod.c
		___awmod       		CODE           	0307	0000	84

/opt/microchip/xc8/v2.41/pic/sources/c99/common/awmod.c estimated size: 84

/opt/microchip/xc8/v2.41/pic/sources/c99/common/awdiv.c
		___awdiv       		CODE           	0193	0000	96

/opt/microchip/xc8/v2.41/pic/sources/c99/common/awdiv.c estimated size: 96

seg_display.c
		_seg_display_func		CODE           	03AE	0000	47
		_seg_startup_anime		CODE           	01F3	0000	95

seg_display.c estimated size: 142

shared
		__table_encoded		STRCODE        	04F4	0000	17
		__table_seg_select		STRCODE        	0520	0000	4
		_startup_anime_code		STRCODE        	03DD	0000	44
		__initialization		CODE           	003D	0000	13
		i1___awmod     		CODE           	035B	0000	83

shared estimated size: 161

scan_botton.c
		_single_click_func		CODE           	04E2	0000	18
		_polling_func  		CODE           	0431	0000	38
		_long_click_func		CODE           	04D0	0000	18
		_scan_touch_key_func		CODE           	004E	0000	176
		_double_click_func		CODE           	0409	0000	40
		_scan_func     		CODE           	0252	0000	95

scan_botton.c estimated size: 385

main.c
		_irs_routine   		CODE           	0004	0000	55
		_main          		CODE           	00FE	0000	149

main.c estimated size: 204

